[bootstraplovers.com/assan3.5/classic-template/html/index.html]
[backblue.gif]
[fade.gif]
[index.html]
[bootstraplovers.com/assan3.5/classic-template/html/images/shop/p1.jpg]
[bootstraplovers.com/assan3.5/classic-template/html/images/shop/p2.jpg]
[bootstraplovers.com/assan3.5/classic-template/html/images/shop/p3.jpg]
[bootstraplovers.com/assan3.5/classic-template/html/images/logo.png]
[bootstraplovers.com/assan3.5/classic-template/html/images/logo-light.png]
[bootstraplovers.com/assan3.5/classic-template/html/index-02.html]
[bootstraplovers.com/assan3.5/classic-template/html/index-03.html]
[bootstraplovers.com/assan3.5/classic-template/html/index-04.html]
[bootstraplovers.com/assan3.5/classic-template/html/index-05.html]
[bootstraplovers.com/assan3.5/classic-template/html/classic-onepage-resume-cv.html]
[bootstraplovers.com/assan3.5/classic-template/html/classic-onepage-personal.html]
[bootstraplovers.com/assan3.5/classic-template/html/classic-onepage-landing.html]
[bootstraplovers.com/assan3.5/classic-template/html/classic-onepage-events.html]
[bootstraplovers.com/assan3.5/classic-template/html/classic-onepage-restaurant.html]
[bootstraplovers.com/assan3.5/classic-template/html/shop-home.html]
[bootstraplovers.com/assan3.5/classic-template/html/shop-full.html]
[bootstraplovers.com/assan3.5/classic-template/html/shop-sidebar.html]
[bootstraplovers.com/assan3.5/classic-template/html/shop-item.html]
[bootstraplovers.com/assan3.5/classic-template/html/shop-cart.html]
[bootstraplovers.com/assan3.5/classic-template/html/shop-checkout.html]
[bootstraplovers.com/assan3.5/classic-template/html/page-about.html]
[bootstraplovers.com/assan3.5/classic-template/html/page-about-alt.html]
[bootstraplovers.com/assan3.5/classic-template/html/page-team.html]
[bootstraplovers.com/assan3.5/classic-template/html/page-services.html]
[bootstraplovers.com/assan3.5/classic-template/html/page-service-alt.html]
[bootstraplovers.com/assan3.5/classic-template/html/page-contact-basic.html]
[bootstraplovers.com/assan3.5/classic-template/html/page-contact-advanced.html]
[bootstraplovers.com/assan3.5/classic-template/html/page-faq.html]
[bootstraplovers.com/assan3.5/classic-template/html/page-pricing.html]
[bootstraplovers.com/assan3.5/classic-template/html/page-sec-navbar.html]
[bootstraplovers.com/assan3.5/classic-template/html/page-clients.html]
[bootstraplovers.com/assan3.5/classic-template/html/page-career.html]
[bootstraplovers.com/assan3.5/classic-template/html/page-office.html]
[bootstraplovers.com/assan3.5/classic-template/html/page-custom-header.html]
[bootstraplovers.com/assan3.5/classic-template/html/page-full-width.html]
[bootstraplovers.com/assan3.5/classic-template/html/page-left-sidebar.html]
[bootstraplovers.com/assan3.5/classic-template/html/page-right-sidebar.html]
[bootstraplovers.com/assan3.5/classic-template/html/page-both-sidebar.html]
[bootstraplovers.com/assan3.5/classic-template/html/page-coming-soon.html]
[bootstraplovers.com/assan3.5/classic-template/html/page-coming-soon2.html]
[bootstraplovers.com/assan3.5/classic-template/html/page-blank.html]
[bootstraplovers.com/assan3.5/classic-template/html/page-login.html]
[bootstraplovers.com/assan3.5/classic-template/html/page-register.html]
[bootstraplovers.com/assan3.5/classic-template/html/page-fpassword.html]
[bootstraplovers.com/assan3.5/classic-template/html/page-success.html]
[bootstraplovers.com/assan3.5/classic-template/html/page-maintenence.html]
[bootstraplovers.com/assan3.5/classic-template/html/page-404-video.html]
[bootstraplovers.com/assan3.5/classic-template/html/page-404-particle.html]
[bootstraplovers.com/assan3.5/classic-template/html/folio-grid-2.html]
[bootstraplovers.com/assan3.5/classic-template/html/folio-grid-3.html]
[bootstraplovers.com/assan3.5/classic-template/html/folio-grid-4.html]
[bootstraplovers.com/assan3.5/classic-template/html/folio-grid-5.html]
[bootstraplovers.com/assan3.5/classic-template/html/folio-grid-6.html]
[bootstraplovers.com/assan3.5/classic-template/html/folio-ajax-load.html]
[bootstraplovers.com/assan3.5/classic-template/html/folio-ajax-modal.html]
[bootstraplovers.com/assan3.5/classic-template/html/folio-grid-title-2.html]
[bootstraplovers.com/assan3.5/classic-template/html/folio-grid-title-3.html]
[bootstraplovers.com/assan3.5/classic-template/html/folio-grid-title-4.html]
[bootstraplovers.com/assan3.5/classic-template/html/folio-grid-title-5.html]
[bootstraplovers.com/assan3.5/classic-template/html/folio-grid-title-6.html]
[bootstraplovers.com/assan3.5/classic-template/html/folio-grid-title-nm-2.html]
[bootstraplovers.com/assan3.5/classic-template/html/folio-grid-title-nm-3.html]
[bootstraplovers.com/assan3.5/classic-template/html/folio-grid-title-nm-4.html]
[bootstraplovers.com/assan3.5/classic-template/html/folio-grid-title-nm-5.html]
[bootstraplovers.com/assan3.5/classic-template/html/folio-grid-fw-2.html]
[bootstraplovers.com/assan3.5/classic-template/html/folio-grid-fw-3.html]
[bootstraplovers.com/assan3.5/classic-template/html/folio-grid-fw-4.html]
[bootstraplovers.com/assan3.5/classic-template/html/folio-grid-fw-5.html]
[bootstraplovers.com/assan3.5/classic-template/html/folio-grid-fw-6.html]
[bootstraplovers.com/assan3.5/classic-template/html/folio-grid-fw-nm-2.html]
[bootstraplovers.com/assan3.5/classic-template/html/folio-grid-fw-nm-3.html]
[bootstraplovers.com/assan3.5/classic-template/html/folio-grid-fw-nm-4.html]
[bootstraplovers.com/assan3.5/classic-template/html/folio-grid-fw-nm-5.html]
[bootstraplovers.com/assan3.5/classic-template/html/folio-masonry-2.html]
[bootstraplovers.com/assan3.5/classic-template/html/folio-masonry-3.html]
[bootstraplovers.com/assan3.5/classic-template/html/folio-masonry-4.html]
[bootstraplovers.com/assan3.5/classic-template/html/folio-mosaic-contained.html]
[bootstraplovers.com/assan3.5/classic-template/html/folio-mosaic-full.html]
[bootstraplovers.com/assan3.5/classic-template/html/folio-single-gallery.html]
[bootstraplovers.com/assan3.5/classic-template/html/folio-single-video.html]
[bootstraplovers.com/assan3.5/classic-template/html/blog-contained.html]
[bootstraplovers.com/assan3.5/classic-template/html/blog-sidebar-left.html]
[bootstraplovers.com/assan3.5/classic-template/html/blog-sidebar-right.html]
[bootstraplovers.com/assan3.5/classic-template/html/blog-masonry.html]
[bootstraplovers.com/assan3.5/classic-template/html/blog-masonry-sidebar.html]
[bootstraplovers.com/assan3.5/classic-template/html/blog-lg-post-grid.html]
[bootstraplovers.com/assan3.5/classic-template/html/blog-timeline.html]
[bootstraplovers.com/assan3.5/classic-template/html/post-image.html]
[bootstraplovers.com/assan3.5/classic-template/html/post-gallery.html]
[bootstraplovers.com/assan3.5/classic-template/html/post-video.html]
[bootstraplovers.com/assan3.5/classic-template/html/header-light-top-bar.html]
[bootstraplovers.com/assan3.5/classic-template/html/header-dark-top-bar.html]
[bootstraplovers.com/assan3.5/classic-template/html/header-transparent-dark.html]
[bootstraplovers.com/assan3.5/classic-template/html/header-transparent-light.html]
[bootstraplovers.com/assan3.5/classic-template/html/header-center-logo.html]
[bootstraplovers.com/assan3.5/classic-template/html/header-center-navbar.html]
[bootstraplovers.com/assan3.5/classic-template/html/header-sticky-dark.html]
[bootstraplovers.com/assan3.5/classic-template/html/header-sticky-light.html]
[bootstraplovers.com/assan3.5/classic-template/html/header-after-hero.html]
[bootstraplovers.com/assan3.5/classic-template/html/footer-1.html]
[bootstraplovers.com/assan3.5/classic-template/html/footer-2.html]
[bootstraplovers.com/assan3.5/classic-template/html/footer-3.html]
[bootstraplovers.com/assan3.5/classic-template/html/footer-4.html]
[bootstraplovers.com/assan3.5/classic-template/html/footer-5.html]
[bootstraplovers.com/assan3.5/classic-template/html/footer-6.html]
[bootstraplovers.com/assan3.5/classic-template/html/footer-7.html]
[bootstraplovers.com/assan3.5/classic-template/html/hero-particle.html]
[bootstraplovers.com/assan3.5/classic-template/html/hero-parallax.html]
[bootstraplovers.com/assan3.5/classic-template/html/hero-youtube.html]
[bootstraplovers.com/assan3.5/classic-template/html/hero-vimeo.html]
[bootstraplovers.com/assan3.5/classic-template/html/hero-agency.html]
[bootstraplovers.com/assan3.5/classic-template/html/slider-particle.html]
[bootstraplovers.com/assan3.5/classic-template/html/slider-small.html]
[bootstraplovers.com/assan3.5/classic-template/html/slider-text.html]
[bootstraplovers.com/assan3.5/classic-template/html/slider-carousel.html]
[bootstraplovers.com/assan3.5/classic-template/html/slider-kenburns.html]
[bootstraplovers.com/assan3.5/classic-template/html/slider-image.html]
[bootstraplovers.com/assan3.5/classic-template/html/shortcode-buttons.html]
[bootstraplovers.com/assan3.5/classic-template/html/shortcode-animations.html]
[bootstraplovers.com/assan3.5/classic-template/html/shortcode-social-buttons.html]
[bootstraplovers.com/assan3.5/classic-template/html/shortcode-carousel.html]
[bootstraplovers.com/assan3.5/classic-template/html/shortcode-clients.html]
[bootstraplovers.com/assan3.5/classic-template/html/shortcode-columns.html]
[bootstraplovers.com/assan3.5/classic-template/html/shortcode-alerts.html]
[bootstraplovers.com/assan3.5/classic-template/html/shortcode-page-titles.html]
[bootstraplovers.com/assan3.5/classic-template/html/shortcode-icon-box.html]
[bootstraplovers.com/assan3.5/classic-template/html/shortcode-parallax.html]
[bootstraplovers.com/assan3.5/classic-template/html/shortcode-flex-box.html]
[bootstraplovers.com/assan3.5/classic-template/html/shortcode-promo-box.html]
[bootstraplovers.com/assan3.5/classic-template/html/shortcode-lightbox.html]
[bootstraplovers.com/assan3.5/classic-template/html/shortcode-testimonials.html]
[bootstraplovers.com/assan3.5/classic-template/html/shortcode-counter.html]
[bootstraplovers.com/assan3.5/classic-template/html/shortcode-icons.html]
[bootstraplovers.com/assan3.5/classic-template/html/shortcode-tabs.html]
[bootstraplovers.com/assan3.5/classic-template/html/shortcode-accordions.html]
[bootstraplovers.com/assan3.5/classic-template/html/shortcode-progressbars.html]
[bootstraplovers.com/assan3.5/classic-template/html/shortcode-typography.html]
[bootstraplovers.com/assan3.5/classic-template/html/shortcode-card.html]
[bootstraplovers.com/assan3.5/classic-template/html/shortcode-tables.html]
[bootstraplovers.com/assan3.5/classic-template/html/shortcode-sticky-elements.html]
[bootstraplovers.com/assan3.5/classic-template/html/shortcode-pricing-tables.html]
[bootstraplovers.com/assan3.5/classic-template/html/shortcode-charts.html]
[bootstraplovers.com/assan3.5/classic-template/html/shortcode-responsive-videos.html]
[bootstraplovers.com/assan3.5/classic-template/html/shortcode-gmap.html]
[bootstraplovers.com/assan3.5/classic-template/html/shortcode-modals.html]
[bootstraplovers.com/assan3.5/classic-template/html/shortcode-blockquotes.html]
[bootstraplovers.com/assan3.5/classic-template/html/shortcode-paginations.html]
[bootstraplovers.com/assan3.5/classic-template/html/shortcode-form-elments.html]
[bootstraplovers.com/assan3.5/classic-template/html/shortcode-notify.html]
[bootstraplovers.com/assan3.5/classic-template/html/shortcode-image-text-cards.html]
[bootstraplovers.com/assan3.5/classic-template/html/images/bg1.jpg]
[bootstraplovers.com/assan3.5/classic-template/html/images/bg13.jpg]
[bootstraplovers.com/assan3.5/classic-template/html/images/video/Busy-People.jpg]
[bootstraplovers.com/assan3.5/classic-template/html/images/masonry/sm1.jpg]
[bootstraplovers.com/assan3.5/classic-template/html/images/masonry/sm2.jpg]
[bootstraplovers.com/assan3.5/classic-template/html/images/masonry/lgv1.jpg]
[bootstraplovers.com/assan3.5/classic-template/html/images/masonry/lgh1.jpg]
[bootstraplovers.com/assan3.5/classic-template/html/images/masonry/sm3.jpg]
[bootstraplovers.com/assan3.5/classic-template/html/images/masonry/sm4.jpg]
[bootstraplovers.com/assan3.5/classic-template/html/images/bg6.jpg]
[bootstraplovers.com/assan3.5/classic-template/html/images/bg5.jpg]
[bootstraplovers.com/assan3.5/classic-template/html/images/browser-set.png]
[bootstraplovers.com/assan3.5/classic-template/html/images/customer-1.jpg]
[bootstraplovers.com/assan3.5/classic-template/html/images/customer-2.jpg]
[bootstraplovers.com/assan3.5/classic-template/html/images/customer-3.jpg]
[bootstraplovers.com/assan3.5/classic-template/html/images/entry1.jpg]
[bootstraplovers.com/assan3.5/classic-template/html/images/entry2.jpg]
[bootstraplovers.com/assan3.5/classic-template/html/images/entry3.jpg]
[bootstraplovers.com/assan3.5/classic-template/html/images/cl-1.png]
[bootstraplovers.com/assan3.5/classic-template/html/images/cl-2.png]
[bootstraplovers.com/assan3.5/classic-template/html/images/cl-3.png]
[bootstraplovers.com/assan3.5/classic-template/html/images/cl-4.png]
[bootstraplovers.com/assan3.5/classic-template/html/images/cl-5.png]
[bootstraplovers.com/assan3.5/classic-template/html/images/img1.jpg]
[bootstraplovers.com/assan3.5/classic-template/html/images/img2.jpg]
[bootstraplovers.com/assan3.5/classic-template/html/images/img5.jpg]
[bootstraplovers.com/assan3.5/classic-template/html/images/map-img.png]
[bootstraplovers.com/assan3.5/classic-template/html/js/plugins/plugins.js]
[bootstraplovers.com/assan3.5/classic-template/html/js/assan.custom.js]
[bootstraplovers.com/assan3.5/classic-template/html/cubeportfolio/js/jquery.cubeportfolio.min.js]
[bootstraplovers.com/assan3.5/classic-template/html/revolution/js/jquery.themepunch.tools.min.js]
[bootstraplovers.com/assan3.5/classic-template/html/revolution/js/jquery.themepunch.revolution.min.js]
[bootstraplovers.com/assan3.5/classic-template/html/revolution/js/extensions/revolution.extension.actions.min.js]
[bootstraplovers.com/assan3.5/classic-template/html/revolution/js/extensions/revolution.extension.carousel.min.js]
[bootstraplovers.com/assan3.5/classic-template/html/revolution/js/extensions/revolution.extension.kenburn.min.js]
[bootstraplovers.com/assan3.5/classic-template/html/revolution/js/extensions/revolution.extension.layeranimation.min.js]
[bootstraplovers.com/assan3.5/classic-template/html/revolution/js/extensions/revolution.extension.migration.min.js]
[bootstraplovers.com/assan3.5/classic-template/html/revolution/js/extensions/revolution.extension.navigation.min.js]
[bootstraplovers.com/assan3.5/classic-template/html/revolution/js/extensions/revolution.extension.parallax.min.js]
[bootstraplovers.com/assan3.5/classic-template/html/revolution/js/extensions/revolution.extension.slideanims.min.js]
[bootstraplovers.com/assan3.5/classic-template/html/revolution/js/extensions/revolution.extension.video.min.js]
[bootstraplovers.com/assan3.5/classic-template/html/index.html]
[bootstraplovers.com/assan3.5/bower_components/owl.carousel/dist/assets/owl.video.play.c6.delayed]
[bootstraplovers.com/assan3.5/classic-template/html/css/plugins/plugins.css]
[bootstraplovers.com/assan3.5/classic-template/html/revolution/fonts/revicons/revicons90c6.eot]
[bootstraplovers.com/assan3.5/classic-template/html/revolution/fonts/revicons/revicons90c6.woff]
[bootstraplovers.com/assan3.5/classic-template/html/revolution/fonts/revicons/revicons90c6.ttf]
[bootstraplovers.com/assan3.5/classic-template/html/revolution/assets/gridtile.png]
[bootstraplovers.com/assan3.5/classic-template/html/revolution/assets/gridtile_white.png]
[bootstraplovers.com/assan3.5/classic-template/html/revolution/assets/gridtile_3x3.png]
[bootstraplovers.com/assan3.5/classic-template/html/revolution/assets/gridtile_3x3_white.png]
[bootstraplovers.com/assan3.5/classic-template/html/revolution/assets/coloredbg.png]
[bootstraplovers.com/assan3.5/classic-template/html/revolution/assets/loader.gif]
[bootstraplovers.com/assan3.5/classic-template/html/revolution/css/settings.css]
[bootstraplovers.com/assan3.5/classic-template/html/revolution/css/layers.css]
[bootstraplovers.com/assan3.5/classic-template/html/revolution/css/navigation.css]
[bootstraplovers.com/assan3.5/classic-template/html/cubeportfolio/img/cbp-sprite.png]
[bootstraplovers.com/assan3.5/classic-template/html/cubeportfolio/css/cubeportfolio.min.css]
[bootstraplovers.com/assan3.5/classic-template/html/bower_components/font-awesome/fonts/fontawesome-webfont3e6e.eot]
[bootstraplovers.com/assan3.5/classic-template/html/bower_components/font-awesome/fonts/fontawesome-webfontd41d.eot]
[bootstraplovers.com/assan3.5/classic-template/html/bower_components/font-awesome/fonts/fontawesome-webfont3e6e.woff]
[bootstraplovers.com/assan3.5/classic-template/html/bower_components/font-awesome/fonts/fontawesome-webfont3e6e.ttf]
[bootstraplovers.com/assan3.5/classic-template/html/bower_components/themify-icons/fonts/themify.eot]
[bootstraplovers.com/assan3.5/classic-template/html/bower_components/themify-icons/fonts/themifyd41d.eot]
[bootstraplovers.com/assan3.5/classic-template/html/bower_components/themify-icons/fonts/themify.woff]
[bootstraplovers.com/assan3.5/classic-template/html/bower_components/themify-icons/fonts/themify.ttf]
[bootstraplovers.com/assan3.5/classic-template/html/et-line-font/fonts/et-line.eot]
[bootstraplovers.com/assan3.5/classic-template/html/et-line-font/fonts/et-line.woff]
[bootstraplovers.com/assan3.5/classic-template/html/et-line-font/fonts/et-lined41d.eot]
[bootstraplovers.com/assan3.5/classic-template/html/et-line-font/fonts/et-line.ttf]
[bootstraplovers.com/assan3.5/classic-template/html/images/bg2.jpg]
[bootstraplovers.com/assan3.5/classic-template/html/css/style.css]
[bootstraplovers.com/assan3.5/classic-template/html/images/rev-images/transparent.png]
[bootstraplovers.com/assan3.5/classic-template/html/images/rev-images/blurbg7.jpg]
[bootstraplovers.com/assan3.5/classic-template/html/images/img3.jpg]
[bootstraplovers.com/assan3.5/classic-template/html/images/img4.jpg]
[bootstraplovers.com/assan3.5/classic-template/html/images/img6.jpg]
[bootstraplovers.com/assan3.5/classic-template/html/images/img11.jpg]
[bootstraplovers.com/assan3.5/classic-template/html/images/img12.jpg]
[bootstraplovers.com/assan3.5/classic-template/html/images/img13.jpg]
[bootstraplovers.com/assan3.5/classic-template/html/images/img14.jpg]
[bootstraplovers.com/assan3.5/classic-template/html/images/img15.jpg]
[bootstraplovers.com/assan3.5/classic-template/html/images/mac1.png]
[bootstraplovers.com/assan3.5/classic-template/html/revolution/revolution-addons/particles/js/revolution.addon.particles.min4bf4.js]
[bootstraplovers.com/assan3.5/classic-template/html/index-02.html]
[bootstraplovers.com/assan3.5/classic-template/html/images/bg3.jpg]
[bootstraplovers.com/assan3.5/classic-template/html/images/bg4.jpg]
[bootstraplovers.com/assan3.5/classic-template/html/images/img7.jpg]
[bootstraplovers.com/assan3.5/classic-template/html/images/img8.jpg]
[bootstraplovers.com/assan3.5/classic-template/html/images/img9.jpg]
[bootstraplovers.com/assan3.5/classic-template/html/images/team1.jpg]
[bootstraplovers.com/assan3.5/classic-template/html/images/team2.jpg]
[bootstraplovers.com/assan3.5/classic-template/html/images/team3.jpg]
[bootstraplovers.com/assan3.5/classic-template/html/images/team4.jpg]
[bootstraplovers.com/assan3.5/classic-template/html/images/imgHalf1.jpg]
[bootstraplovers.com/assan3.5/classic-template/html/index-03.html]
[bootstraplovers.com/assan3.5/classic-template/html/images/bg10.jpg]
[bootstraplovers.com/assan3.5/classic-template/html/images/bg9.jpg]
[bootstraplovers.com/assan3.5/classic-template/html/images/img-half2.jpg]
[bootstraplovers.com/assan3.5/classic-template/html/index-04.html]
[bootstraplovers.com/assan3.5/classic-template/html/images/img-half1.jpg]
[bootstraplovers.com/assan3.5/classic-template/html/images/sketch1.jpg]
[bootstraplovers.com/assan3.5/classic-template/html/index-05.html]
[bootstraplovers.com/assan3.5/classic-template/html/images/sign.png]
[bootstraplovers.com/assan3.5/classic-template/html/js/resumeCv.custom.js]
[bootstraplovers.com/assan3.5/classic-template/html/classic-onepage-resume-cv.html]
[bootstraplovers.com/assan3.5/classic-template/html/js/personal.custom.js]
[bootstraplovers.com/assan3.5/classic-template/html/classic-onepage-personal.html]
[bootstraplovers.com/assan3.5/classic-template/html/images/landing/bg1.jpg]
[bootstraplovers.com/assan3.5/classic-template/html/images/landing/crt4.jpg]
[bootstraplovers.com/assan3.5/classic-template/html/images/landing/screen1.png]
[bootstraplovers.com/assan3.5/classic-template/html/images/landing/screen2.png]
[bootstraplovers.com/assan3.5/classic-template/html/images/landing/crt2.jpg]
[bootstraplovers.com/assan3.5/classic-template/html/images/landing/crt1.jpg]
[bootstraplovers.com/assan3.5/classic-template/html/images/landing/crt3.jpg]
[bootstraplovers.com/assan3.5/classic-template/html/js/landing.custom.js]
[bootstraplovers.com/assan3.5/classic-template/html/classic-onepage-landing.html]
[bootstraplovers.com/assan3.5/classic-template/html/images/event/bg4.jpg]
[bootstraplovers.com/assan3.5/classic-template/html/images/event/about.jpg]
[bootstraplovers.com/assan3.5/classic-template/html/images/event/bg1.jpg]
[bootstraplovers.com/assan3.5/classic-template/html/images/team5.jpg]
[bootstraplovers.com/assan3.5/classic-template/html/images/team6.jpg]
[bootstraplovers.com/assan3.5/classic-template/html/images/event/bg3.jpg]
[bootstraplovers.com/assan3.5/classic-template/html/images/partner1.png]
[bootstraplovers.com/assan3.5/classic-template/html/images/partner2.png]
[bootstraplovers.com/assan3.5/classic-template/html/images/partner3.png]
[bootstraplovers.com/assan3.5/classic-template/html/images/partner4.png]
[bootstraplovers.com/assan3.5/classic-template/html/images/partner5.png]
[bootstraplovers.com/assan3.5/classic-template/html/js/event.custom.js]
[bootstraplovers.com/assan3.5/classic-template/html/js/jquery.gmap.min.js]
[bootstraplovers.com/assan3.5/classic-template/html/classic-onepage-events.html]
[bootstraplovers.com/assan3.5/classic-template/html/classic-restaurant-reservation.html]
[bootstraplovers.com/assan3.5/classic-template/html/images/resto/bg4.jpg]
[bootstraplovers.com/assan3.5/classic-template/html/images/resto/bg2.jpg]
[bootstraplovers.com/assan3.5/classic-template/html/images/resto/bg3.jpg]
[bootstraplovers.com/assan3.5/classic-template/html/resto-about.120.delayed]
[bootstraplovers.com/assan3.5/classic-template/html/images/resto/about.png]
[bootstraplovers.com/assan3.5/classic-template/html/images/resto/food1.jpg]
[bootstraplovers.com/assan3.5/classic-template/html/images/resto/food2.jpg]
[bootstraplovers.com/assan3.5/classic-template/html/images/resto/food3.jpg]
[bootstraplovers.com/assan3.5/classic-template/html/images/resto/food4.jpg]
[bootstraplovers.com/assan3.5/classic-template/html/images/resto/food5.jpg]
[bootstraplovers.com/assan3.5/classic-template/html/images/resto/food6.jpg]
[bootstraplovers.com/assan3.5/classic-template/html/images/resto/chef-l1.jpg]
[bootstraplovers.com/assan3.5/classic-template/html/classic-restaurant-menu.129.delayed]
[bootstraplovers.com/assan3.5/classic-template/html/images/resto/vector1.png]
[bootstraplovers.com/assan3.5/classic-template/html/images/resto/vector2.png]
[bootstraplovers.com/assan3.5/classic-template/html/images/resto/vector3.png]
[bootstraplovers.com/assan3.5/classic-template/html/images/resto/vector4.png]
[bootstraplovers.com/assan3.5/classic-template/html/images/resto/vector5.png]
[bootstraplovers.com/assan3.5/classic-template/html/images/resto/vector7.png]
[bootstraplovers.com/assan3.5/classic-template/html/images/resto/food7.jpg]
[bootstraplovers.com/assan3.5/classic-template/html/images/resto/food8.jpg]
[bootstraplovers.com/assan3.5/classic-template/html/images/resto/food9.jpg]
[bootstraplovers.com/assan3.5/classic-template/html/images/resto/food10.jpg]
[bootstraplovers.com/assan3.5/classic-template/html/images/resto/chef1.jpg]
[bootstraplovers.com/assan3.5/classic-template/html/images/resto/chef2.jpg]
[bootstraplovers.com/assan3.5/classic-template/html/images/resto/chef3.jpg]
[bootstraplovers.com/assan3.5/classic-template/html/js/restaurant.custom.js]
[bootstraplovers.com/assan3.5/classic-template/html/smart-form/contact-recaptcha/js/jquery.form.min.js]
[bootstraplovers.com/assan3.5/classic-template/html/smart-form/contact-recaptcha/js/jquery.validate.min.js]
[bootstraplovers.com/assan3.5/classic-template/html/smart-form/contact-recaptcha/js/additional-methods.min.js]
[bootstraplovers.com/assan3.5/classic-template/html/smart-form/contact-recaptcha/js/smart-form.js]
[www.google.com/recaptcha/api.js]
[bootstraplovers.com/assan3.5/classic-template/html/classic-onepage-restaurant.html]
[bootstraplovers.com/assan3.5/classic-template/html/images/shop/bg1.jpg]
[bootstraplovers.com/assan3.5/classic-template/html/images/shop/bg2.jpg]
[bootstraplovers.com/assan3.5/classic-template/html/images/shop/bg3.jpg]
[bootstraplovers.com/assan3.5/classic-template/html/images/shop/p4.jpg]
[bootstraplovers.com/assan3.5/classic-template/html/images/shop/p5.jpg]
[bootstraplovers.com/assan3.5/classic-template/html/images/shop/p6.jpg]
[bootstraplovers.com/assan3.5/classic-template/html/images/shop/p7.jpg]
[bootstraplovers.com/assan3.5/classic-template/html/images/shop/p8.jpg]
[bootstraplovers.com/assan3.5/classic-template/html/shop-home.html]
[bootstraplovers.com/assan3.5/classic-template/html/shop-full.html]
[bootstraplovers.com/assan3.5/classic-template/html/shop-sidebar.html]
[bootstraplovers.com/assan3.5/classic-template/html/images/shop/product1.jpg]
[bootstraplovers.com/assan3.5/classic-template/html/images/shop/product2.jpg]
[bootstraplovers.com/assan3.5/classic-template/html/images/shop/product3.jpg]
[bootstraplovers.com/assan3.5/classic-template/html/images/shop/product4.jpg]
[bootstraplovers.com/assan3.5/classic-template/html/js/cube-thumb-slider.js]
[bootstraplovers.com/assan3.5/classic-template/html/shop-item.html]
[bootstraplovers.com/assan3.5/classic-template/html/shop-cart.html]
[bootstraplovers.com/assan3.5/classic-template/html/shop-checkout.html]
[bootstraplovers.com/assan3.5/classic-template/html/images/bg8.jpg]
[bootstraplovers.com/assan3.5/classic-template/html/page-about.html]
[bootstraplovers.com/assan3.5/classic-template/html/page-about-alt.html]
[bootstraplovers.com/assan3.5/classic-template/html/page-team.html]
[bootstraplovers.com/assan3.5/classic-template/html/page-services.html]
[bootstraplovers.com/assan3.5/classic-template/html/images/sketch2.jpg]
[bootstraplovers.com/assan3.5/classic-template/html/page-service-alt.html]
[bootstraplovers.com/assan3.5/classic-template/html/smart-form/contact/php/captcha/captcha00e0.png]
[bootstraplovers.com/assan3.5/classic-template/html/smart-form/contact/js/jquery.form.min.js]
[bootstraplovers.com/assan3.5/classic-template/html/smart-form/contact/js/jquery.validate.min.js]
[bootstraplovers.com/assan3.5/classic-template/html/smart-form/contact/js/additional-methods.min.js]
[bootstraplovers.com/assan3.5/classic-template/html/smart-form/contact/js/smart-form.js]
[bootstraplovers.com/assan3.5/classic-template/html/page-contact-basic.html]
[bootstraplovers.com/assan3.5/classic-template/html/page-contact-advanced.html]
[bootstraplovers.com/assan3.5/classic-template/html/page-faq.html]
[bootstraplovers.com/assan3.5/classic-template/html/page-pricing.html]
[bootstraplovers.com/assan3.5/classic-template/html/page-sec-navbar.html]
[bootstraplovers.com/assan3.5/classic-template/html/images/bg14.jpg]
[bootstraplovers.com/assan3.5/classic-template/html/page-clients.html]
[bootstraplovers.com/assan3.5/classic-template/html/images/bg7.jpg]
[bootstraplovers.com/assan3.5/classic-template/html/page-career.html]
[bootstraplovers.com/assan3.5/classic-template/html/images/contained1.jpg]
[bootstraplovers.com/assan3.5/classic-template/html/images/contained2.jpg]
[bootstraplovers.com/assan3.5/classic-template/html/page-office.html]
[bootstraplovers.com/assan3.5/classic-template/html/images/bg16.jpg]
[bootstraplovers.com/assan3.5/classic-template/html/page-custom-header.html]
[bootstraplovers.com/assan3.5/classic-template/html/page-full-width.html]
[bootstraplovers.com/assan3.5/classic-template/html/page-left-sidebar.html]
[bootstraplovers.com/assan3.5/classic-template/html/page-right-sidebar.html]
[bootstraplovers.com/assan3.5/classic-template/html/page-both-sidebar.html]
[bootstraplovers.com/assan3.5/classic-template/html/page-coming-soon.html]
[bootstraplovers.com/assan3.5/classic-template/html/page-coming-soon2.html]
[bootstraplovers.com/assan3.5/classic-template/html/page-blank.html]
[bootstraplovers.com/assan3.5/classic-template/html/page-login.html]
[bootstraplovers.com/assan3.5/classic-template/html/page-register.html]
[bootstraplovers.com/assan3.5/classic-template/html/images/bg11.jpg]
[bootstraplovers.com/assan3.5/classic-template/html/page-fpassword.html]
[bootstraplovers.com/assan3.5/classic-template/html/page-success.html]
[bootstraplovers.com/assan3.5/classic-template/html/inddex.15b.delayed]
[bootstraplovers.com/assan3.5/classic-template/html/page-maintenence.html]
[bootstraplovers.com/assan3.5/classic-template/html/page-404-video.html]
[bootstraplovers.com/assan3.5/classic-template/html/page-404-particle.html]
[bootstraplovers.com/assan3.5/classic-template/html/folio-grid-2.html]
[bootstraplovers.com/assan3.5/classic-template/html/folio-grid-3.html]
[bootstraplovers.com/assan3.5/classic-template/html/folio-grid-4.html]
[bootstraplovers.com/assan3.5/classic-template/html/folio-grid-5.html]
[bootstraplovers.com/assan3.5/classic-template/html/images/img16.jpg]
[bootstraplovers.com/assan3.5/classic-template/html/folio-grid-6.html]
[bootstraplovers.com/assan3.5/classic-template/html/images/img10.jpg]
[bootstraplovers.com/assan3.5/classic-template/html/ajax-load-more/loadMore.html]
[bootstraplovers.com/assan3.5/classic-template/html/js/folio-load-more.js]
[bootstraplovers.com/assan3.5/classic-template/html/folio-ajax-load.html]
[bootstraplovers.com/assan3.5/classic-template/html/ajax-juicy-projects/project1.html]
[bootstraplovers.com/assan3.5/classic-template/html/ajax-juicy-projects/project2.html]
[bootstraplovers.com/assan3.5/classic-template/html/ajax-juicy-projects/project3.html]
[bootstraplovers.com/assan3.5/classic-template/html/ajax-juicy-projects/project4.html]
[bootstraplovers.com/assan3.5/classic-template/html/ajax-juicy-projects/project6.html]
[bootstraplovers.com/assan3.5/classic-template/html/ajax-juicy-projects/project7.html]
[bootstraplovers.com/assan3.5/classic-template/html/ajax-juicy-projects/project8.html]
[bootstraplovers.com/assan3.5/classic-template/html/ajax-juicy-projects/loadMore.html]
[bootstraplovers.com/assan3.5/classic-template/html/js/folio-ajax-juicy.js]
[bootstraplovers.com/assan3.5/classic-template/html/folio-ajax-modal.html]
[bootstraplovers.com/assan3.5/classic-template/html/folio-grid-title-2.html]
[bootstraplovers.com/assan3.5/classic-template/html/folio-grid-title-3.html]
[bootstraplovers.com/assan3.5/classic-template/html/folio-grid-title-4.html]
[bootstraplovers.com/assan3.5/classic-template/html/folio-grid-title-5.html]
[bootstraplovers.com/assan3.5/classic-template/html/folio-grid-title-6.html]
[bootstraplovers.com/assan3.5/classic-template/html/folio-grid-title-nm-2.html]
[bootstraplovers.com/assan3.5/classic-template/html/folio-grid-title-nm-3.html]
[bootstraplovers.com/assan3.5/classic-template/html/folio-grid-title-nm-4.html]
[bootstraplovers.com/assan3.5/classic-template/html/folio-grid-title-nm-5.html]
[bootstraplovers.com/assan3.5/classic-template/html/folio-grid-fw-2.html]
[bootstraplovers.com/assan3.5/classic-template/html/folio-grid-fw-3.html]
[bootstraplovers.com/assan3.5/classic-template/html/folio-grid-fw-4.html]
[bootstraplovers.com/assan3.5/classic-template/html/folio-grid-fw-5.html]
[bootstraplovers.com/assan3.5/classic-template/html/folio-grid-fw-6.html]
[bootstraplovers.com/assan3.5/classic-template/html/folio-grid-fw-nm-2.html]
[bootstraplovers.com/assan3.5/classic-template/html/folio-grid-fw-nm-3.html]
[bootstraplovers.com/assan3.5/classic-template/html/folio-grid-fw-nm-4.html]
[bootstraplovers.com/assan3.5/classic-template/html/folio-grid-fw-nm-5.html]
[bootstraplovers.com/assan3.5/classic-template/html/images/masonry/mas1.jpg]
[bootstraplovers.com/assan3.5/classic-template/html/images/masonry/mas2.jpg]
[bootstraplovers.com/assan3.5/classic-template/html/images/masonry/mas3.jpg]
[bootstraplovers.com/assan3.5/classic-template/html/folio-masonry-2.html]
[bootstraplovers.com/assan3.5/classic-template/html/folio-masonry-3.html]
[bootstraplovers.com/assan3.5/classic-template/html/folio-masonry-4.html]
[bootstraplovers.com/assan3.5/classic-template/html/folio-mosaic-contained.html]
[bootstraplovers.com/assan3.5/classic-template/html/folio-mosaic-full.html]
[bootstraplovers.com/assan3.5/classic-template/html/folio-single-gallery.html]
[bootstraplovers.com/assan3.5/classic-template/html/folio-single-video.html]
[bootstraplovers.com/assan3.5/classic-template/html/blog-contained.html]
[bootstraplovers.com/assan3.5/classic-template/html/blog-sidebar-left.html]
[bootstraplovers.com/assan3.5/classic-template/html/blog-sidebar-right.html]
[bootstraplovers.com/assan3.5/classic-template/html/blog-masonry.html]
[bootstraplovers.com/assan3.5/classic-template/html/blog-masonry-sidebar.html]
[bootstraplovers.com/assan3.5/classic-template/html/blog-lg-post-grid.html]
[bootstraplovers.com/assan3.5/classic-template/html/blog-timeline.html]
[bootstraplovers.com/assan3.5/classic-template/html/post-image.html]
[bootstraplovers.com/assan3.5/classic-template/html/post-gallery.html]
[bootstraplovers.com/assan3.5/classic-template/html/post-video.html]
[bootstraplovers.com/assan3.5/classic-template/html/header-light-top-bar.html]
[bootstraplovers.com/assan3.5/classic-template/html/header-dark-top-bar.html]
[bootstraplovers.com/assan3.5/classic-template/html/header-transparent-dark.html]
[bootstraplovers.com/assan3.5/classic-template/html/header-transparent-light.html]
[bootstraplovers.com/assan3.5/classic-template/html/header-center-logo.html]
[bootstraplovers.com/assan3.5/classic-template/html/header-center-navbar.html]
[bootstraplovers.com/assan3.5/classic-template/html/header-sticky-dark.html]
[bootstraplovers.com/assan3.5/classic-template/html/header-sticky-light.html]
[bootstraplovers.com/assan3.5/classic-template/html/images/bg15.jpg]
[bootstraplovers.com/assan3.5/classic-template/html/header-after-hero.html]
[bootstraplovers.com/assan3.5/classic-template/html/footer-1.html]
[bootstraplovers.com/assan3.5/classic-template/html/footer-2.html]
[bootstraplovers.com/assan3.5/classic-template/html/footer-3.html]
[bootstraplovers.com/assan3.5/classic-template/html/footer-4.html]
[bootstraplovers.com/assan3.5/classic-template/html/footer-5.html]
[bootstraplovers.com/assan3.5/classic-template/html/footer-6.html]
[bootstraplovers.com/assan3.5/classic-template/html/footer-7.html]
[bootstraplovers.com/assan3.5/classic-template/html/hero-particle.html]
[bootstraplovers.com/assan3.5/classic-template/html/hero-parallax.html]
[bootstraplovers.com/assan3.5/classic-template/html/hero-youtube.html]
[bootstraplovers.com/assan3.5/classic-template/html/hero-vimeo.html]
[bootstraplovers.com/assan3.5/classic-template/html/hero-agency.html]
[bootstraplovers.com/assan3.5/classic-template/html/images/rev-images/art2.jpg]
[bootstraplovers.com/assan3.5/classic-template/html/images/rev-images/imagegallery7.jpg]
[bootstraplovers.com/assan3.5/classic-template/html/slider-particle.html]
[bootstraplovers.com/assan3.5/classic-template/html/slider-small.html]
[bootstraplovers.com/assan3.5/classic-template/html/images/rev-images/header_penpot.png]
[bootstraplovers.com/assan3.5/classic-template/html/images/rev-images/header_flowerpot.png]
[bootstraplovers.com/assan3.5/classic-template/html/images/rev-images/header_papers.png]
[bootstraplovers.com/assan3.5/classic-template/html/images/rev-images/header_marker.png]
[bootstraplovers.com/assan3.5/classic-template/html/images/rev-images/header_edding.png]
[bootstraplovers.com/assan3.5/classic-template/html/images/rev-images/header_paperclip.png]
[bootstraplovers.com/assan3.5/classic-template/html/images/rev-images/header_tablet.png]
[bootstraplovers.com/assan3.5/classic-template/html/images/rev-images/header_pen.png]
[bootstraplovers.com/assan3.5/classic-template/html/slider-text.html]
[bootstraplovers.com/assan3.5/classic-template/html/slider-carousel.html]
[bootstraplovers.com/assan3.5/classic-template/html/revolution/revolution-addons/slicey/js/revolution.addon.slicey.min8a54.js]
[bootstraplovers.com/assan3.5/classic-template/html/slider-kenburns.html]
[bootstraplovers.com/assan3.5/classic-template/html/slider-image.html]
[bootstraplovers.com/assan3.5/classic-template/html/shortcode-buttons.html]
[bootstraplovers.com/assan3.5/classic-template/html/shortcode-animations.html]
[bootstraplovers.com/assan3.5/classic-template/html/shortcode-social-buttons.html]
[bootstraplovers.com/assan3.5/classic-template/html/shortcode-carousel.html]
[bootstraplovers.com/assan3.5/classic-template/html/shortcode-clients.html]
[bootstraplovers.com/assan3.5/classic-template/html/shortcode-columns.html]
[bootstraplovers.com/assan3.5/classic-template/html/shortcode-alerts.html]
[bootstraplovers.com/assan3.5/classic-template/html/shortcode-page-titles.html]
[bootstraplovers.com/assan3.5/classic-template/html/shortcode-icon-box.html]
[bootstraplovers.com/assan3.5/classic-template/html/shortcode-parallax.html]
[bootstraplovers.com/assan3.5/classic-template/html/shortcode-flex-box.html]
[bootstraplovers.com/assan3.5/classic-template/html/shortcode-promo-box.html]
[bootstraplovers.com/assan3.5/classic-template/html/shortcode-lightbox.html]
[bootstraplovers.com/assan3.5/classic-template/html/shortcode-testimonials.html]
[bootstraplovers.com/assan3.5/classic-template/html/shortcode-counter.html]
[bootstraplovers.com/assan3.5/classic-template/html/shortcode-icons.html]
[bootstraplovers.com/assan3.5/classic-template/html/shortcode-tabs.html]
[bootstraplovers.com/assan3.5/classic-template/html/shortcode-accordions.html]
[bootstraplovers.com/assan3.5/classic-template/html/shortcode-progressbars.html]
[bootstraplovers.com/assan3.5/classic-template/html/shortcode-typography.html]
[bootstraplovers.com/assan3.5/classic-template/html/shortcode-card.html]
[bootstraplovers.com/assan3.5/classic-template/html/shortcode-tables.html]
[bootstraplovers.com/assan3.5/classic-template/html/shortcode-sticky-elements.html]
[bootstraplovers.com/assan3.5/classic-template/html/shortcode-pricing-tables.html]
[bootstraplovers.com/assan3.5/classic-template/html/bower_components/chart.js/dist/Chart.min.js]
[bootstraplovers.com/assan3.5/classic-template/html/js/chart.custom.js]
[bootstraplovers.com/assan3.5/classic-template/html/shortcode-charts.html]
[bootstraplovers.com/assan3.5/classic-template/html/shortcode-responsive-videos.html]
[bootstraplovers.com/assan3.5/classic-template/html/js/gmaps-custom.js]
[bootstraplovers.com/assan3.5/classic-template/html/shortcode-gmap.html]
[bootstraplovers.com/assan3.5/classic-template/html/shortcode-modals.html]
[bootstraplovers.com/assan3.5/classic-template/html/shortcode-blockquotes.html]
[bootstraplovers.com/assan3.5/classic-template/html/shortcode-paginations.html]
[bootstraplovers.com/assan3.5/classic-template/html/shortcode-form-elments.html]
[bootstraplovers.com/assan3.5/classic-template/html/shortcode-notify.html]
[bootstraplovers.com/assan3.5/classic-template/html/shortcode-image-text-cards.html]
[bootstraplovers.com/assan3.5/bower_components/owl.carousel/dist/assets/owl.video.play.html]
[bootstraplovers.com/assan3.5/classic-template/html/revolution/fonts/revicons/revicons90c6.svg]
[bootstraplovers.com/assan3.5/classic-template/html/revolution/css/openhand.html]
[bootstraplovers.com/assan3.5/classic-template/html/revolution/css/closedhand.html]
[bootstraplovers.com/assan3.5/classic-template/html/bower_components/font-awesome/fonts/fontawesome-webfont3e6e.html]
[bootstraplovers.com/assan3.5/classic-template/html/bower_components/font-awesome/fonts/fontawesome-webfont3e6e.svg]
[bootstraplovers.com/assan3.5/classic-template/html/bower_components/themify-icons/fonts/themify.svg]
[bootstraplovers.com/assan3.5/classic-template/html/et-line-font/fonts/et-line.svg]
[bootstraplovers.com/assan3.5/classic-template/html/revolution/revolution-addons/particles/css/revolution.addon.particles4bf4.css]
[bootstraplovers.com/assan3.5/classic-template/html/css/style-resumeCv.css]
[bootstraplovers.com/assan3.5/classic-template/html/css/style-personal-portfolio.css]
[bootstraplovers.com/assan3.5/classic-template/html/css/style-landing-pages.css]
[bootstraplovers.com/assan3.5/classic-template/html/css/style-event.css]
[bootstraplovers.com/assan3.5/classic-template/html/css/style-restaurant.css]
[bootstraplovers.com/assan3.5/classic-template/html/images/resto/logo.png]
[bootstraplovers.com/assan3.5/classic-template/html/smart-form/booking/php/captcha/captcha00e0.png]
[bootstraplovers.com/assan3.5/classic-template/html/smart-form/booking/js/jquery-ui-custom.min.js]
[bootstraplovers.com/assan3.5/classic-template/html/smart-form/booking/js/jquery.maskedinput.js]
[bootstraplovers.com/assan3.5/classic-template/html/smart-form/booking/js/jquery.form.min.js]
[bootstraplovers.com/assan3.5/classic-template/html/smart-form/booking/js/jquery.validate.min.js]
[bootstraplovers.com/assan3.5/classic-template/html/smart-form/booking/js/additional-methods.min.js]
[bootstraplovers.com/assan3.5/classic-template/html/smart-form/booking/js/smart-form.js]
[bootstraplovers.com/assan3.5/classic-template/html/classic-restaurant-reservation.html]
[bootstraplovers.com/assan3.5/classic-template/html/resto-about.html]
[bootstraplovers.com/assan3.5/classic-template/html/classic-restaurant-menu.html]
[bootstraplovers.com/assan3.5/classic-template/html/css/shop-style.css]
[bootstraplovers.com/assan3.5/classic-template/html/images/dark.png]
[bootstraplovers.com/assan3.5/classic-template/html/images/wood.185.delayed]
[bootstraplovers.com/assan3.5/classic-template/html/images/foobg.png]
[bootstraplovers.com/assan3.5/classic-template/html/smart-form/smart-formsUI.css]
[bootstraplovers.com/assan3.5/classic-template/html/smart-form/contact/images/dark.png]
[bootstraplovers.com/assan3.5/classic-template/html/smart-form/contact/images/wood.png]
[bootstraplovers.com/assan3.5/classic-template/html/smart-form/contact/images/foobg.png]
[bootstraplovers.com/assan3.5/classic-template/html/smart-form/contact/css/smart-forms.css]
[bootstraplovers.com/assan3.5/classic-template/html/smart-form/contact-recaptcha/images/dark.png]
[bootstraplovers.com/assan3.5/classic-template/html/smart-form/contact-recaptcha/images/wood.png]
[bootstraplovers.com/assan3.5/classic-template/html/smart-form/contact-recaptcha/images/foobg.png]
[bootstraplovers.com/assan3.5/classic-template/html/smart-form/contact-recaptcha/css/smart-forms.css]
[bootstraplovers.com/assan3.5/classic-template/html/inddex.html]
[bootstraplovers.com/assan3.5/classic-template/html/ajax-load-more/images/img11.jpg]
[bootstraplovers.com/assan3.5/classic-template/html/ajax-load-more/images/img12.18e.delayed]
[bootstraplovers.com/assan3.5/classic-template/html/ajax-load-more/images/img13.18f.delayed]
[bootstraplovers.com/assan3.5/classic-template/html/ajax-load-more/images/img14.190.delayed]
[bootstraplovers.com/assan3.5/classic-template/html/ajax-load-more/images/img15.191.delayed]
[bootstraplovers.com/assan3.5/classic-template/html/ajax-load-more/images/img16.192.delayed]
[bootstraplovers.com/assan3.5/classic-template/html/ajax-load-more/loadMore.html]
[bootstraplovers.com/assan3.5/classic-template/html/ajax-juicy-projects/ajax-juicy-projects/project12.193.delayed]
[bootstraplovers.com/assan3.5/classic-template/html/ajax-juicy-projects/images/img4.194.delayed]
[bootstraplovers.com/assan3.5/classic-template/html/ajax-juicy-projects/ajax-juicy-projects/project2.195.delayed]
[bootstraplovers.com/assan3.5/classic-template/html/ajax-juicy-projects/images/img5.196.delayed]
[bootstraplovers.com/assan3.5/classic-template/html/ajax-juicy-projects/ajax-juicy-projects/project3.197.delayed]
[bootstraplovers.com/assan3.5/classic-template/html/ajax-juicy-projects/images/img6.198.delayed]
[bootstraplovers.com/assan3.5/classic-template/html/ajax-juicy-projects/project1.html]
[bootstraplovers.com/assan3.5/classic-template/html/ajax-juicy-projects/project2.html]
[bootstraplovers.com/assan3.5/classic-template/html/ajax-juicy-projects/project3.html]
[bootstraplovers.com/assan3.5/classic-template/html/ajax-juicy-projects/project4.html]
[bootstraplovers.com/assan3.5/classic-template/html/ajax-juicy-projects/project6.html]
[bootstraplovers.com/assan3.5/classic-template/html/ajax-juicy-projects/project7.html]
[bootstraplovers.com/assan3.5/classic-template/html/ajax-juicy-projects/project8.html]
[bootstraplovers.com/assan3.5/classic-template/html/ajax-juicy-projects/images/img16.199.delayed]
[bootstraplovers.com/assan3.5/classic-template/html/ajax-juicy-projects/images/img15.19a.delayed]
[bootstraplovers.com/assan3.5/classic-template/html/ajax-juicy-projects/images/img14.19b.delayed]
[bootstraplovers.com/assan3.5/classic-template/html/ajax-juicy-projects/images/img11.19c.delayed]
[bootstraplovers.com/assan3.5/classic-template/html/ajax-juicy-projects/ajax-juicy-projects/project9.19d.delayed]
[bootstraplovers.com/assan3.5/classic-template/html/ajax-juicy-projects/images/img12.19e.delayed]
[bootstraplovers.com/assan3.5/classic-template/html/ajax-juicy-projects/ajax-juicy-projects/project10.19f.delayed]
[bootstraplovers.com/assan3.5/classic-template/html/ajax-juicy-projects/images/img13.1a0.delayed]
[bootstraplovers.com/assan3.5/classic-template/html/ajax-juicy-projects/ajax-juicy-projects/project11.1a1.delayed]
[bootstraplovers.com/assan3.5/classic-template/html/ajax-juicy-projects/loadMore.html]
[bootstraplovers.com/assan3.5/classic-template/html/smart-form/booking/images/dark.png]
[bootstraplovers.com/assan3.5/classic-template/html/smart-form/booking/images/wood.png]
[bootstraplovers.com/assan3.5/classic-template/html/smart-form/booking/images/foobg.png]
[bootstraplovers.com/assan3.5/classic-template/html/smart-form/booking/css/smart-forms.css]
[bootstraplovers.com/assan3.5/classic-template/html/images/dark.html]
[bootstraplovers.com/assan3.5/classic-template/html/images/wood.html]
[bootstraplovers.com/assan3.5/classic-template/html/images/foobg.html]
[bootstraplovers.com/assan3.5/classic-template/html/ajax-load-more/images/img11.html]
[bootstraplovers.com/assan3.5/classic-template/html/ajax-load-more/images/img12.html]
[bootstraplovers.com/assan3.5/classic-template/html/ajax-load-more/images/img13.html]
[bootstraplovers.com/assan3.5/classic-template/html/ajax-load-more/images/img14.html]
[bootstraplovers.com/assan3.5/classic-template/html/ajax-load-more/images/img15.html]
[bootstraplovers.com/assan3.5/classic-template/html/ajax-load-more/images/img16.html]
[bootstraplovers.com/assan3.5/classic-template/html/ajax-juicy-projects/ajax-juicy-projects/project12.html]
[bootstraplovers.com/assan3.5/classic-template/html/ajax-juicy-projects/images/img4.html]
[bootstraplovers.com/assan3.5/classic-template/html/ajax-juicy-projects/ajax-juicy-projects/project2.html]
[bootstraplovers.com/assan3.5/classic-template/html/ajax-juicy-projects/images/img5.html]
[bootstraplovers.com/assan3.5/classic-template/html/ajax-juicy-projects/ajax-juicy-projects/project3.html]
[bootstraplovers.com/assan3.5/classic-template/html/ajax-juicy-projects/images/img6.html]
[bootstraplovers.com/assan3.5/classic-template/html/ajax-juicy-projects/images/img16.html]
[bootstraplovers.com/assan3.5/classic-template/html/ajax-juicy-projects/images/img15.html]
[bootstraplovers.com/assan3.5/classic-template/html/ajax-juicy-projects/images/img14.html]
[bootstraplovers.com/assan3.5/classic-template/html/ajax-juicy-projects/images/img11.html]
[bootstraplovers.com/assan3.5/classic-template/html/ajax-juicy-projects/ajax-juicy-projects/project9.html]
[bootstraplovers.com/assan3.5/classic-template/html/ajax-juicy-projects/images/img12.html]
[bootstraplovers.com/assan3.5/classic-template/html/ajax-juicy-projects/ajax-juicy-projects/project10.html]
[bootstraplovers.com/assan3.5/classic-template/html/ajax-juicy-projects/images/img13.html]
[bootstraplovers.com/assan3.5/classic-template/html/ajax-juicy-projects/ajax-juicy-projects/project11.html]
